------------------------------------------------------------
Timing Analyzer Summary
------------------------------------------------------------

Type  : Slow 1100mV 85C Model Setup 'clk'
Slack : 0.683
TNS   : 0.000

Type  : Slow 1100mV 85C Model Hold 'clk'
Slack : 0.243
TNS   : 0.000

Type  : Slow 1100mV 85C Model Recovery 'clk'
Slack : 2.657
TNS   : 0.000

Type  : Slow 1100mV 85C Model Removal 'clk'
Slack : 0.985
TNS   : 0.000

Type  : Slow 1100mV 85C Model Minimum Pulse Width 'clk'
Slack : 6.352
TNS   : 0.000

Type  : Slow 1100mV 0C Model Setup 'clk'
Slack : 0.736
TNS   : 0.000

Type  : Slow 1100mV 0C Model Hold 'clk'
Slack : 0.303
TNS   : 0.000

Type  : Slow 1100mV 0C Model Recovery 'clk'
Slack : 2.845
TNS   : 0.000

Type  : Slow 1100mV 0C Model Removal 'clk'
Slack : 0.927
TNS   : 0.000

Type  : Slow 1100mV 0C Model Minimum Pulse Width 'clk'
Slack : 6.347
TNS   : 0.000

Type  : Fast 1100mV 85C Model Setup 'clk'
Slack : 2.947
TNS   : 0.000

Type  : Fast 1100mV 85C Model Hold 'clk'
Slack : 0.180
TNS   : 0.000

Type  : Fast 1100mV 85C Model Recovery 'clk'
Slack : 4.243
TNS   : 0.000

Type  : Fast 1100mV 85C Model Removal 'clk'
Slack : 0.579
TNS   : 0.000

Type  : Fast 1100mV 85C Model Minimum Pulse Width 'clk'
Slack : 6.520
TNS   : 0.000

Type  : Fast 1100mV 0C Model Setup 'clk'
Slack : 3.340
TNS   : 0.000

Type  : Fast 1100mV 0C Model Hold 'clk'
Slack : 0.165
TNS   : 0.000

Type  : Fast 1100mV 0C Model Recovery 'clk'
Slack : 4.457
TNS   : 0.000

Type  : Fast 1100mV 0C Model Removal 'clk'
Slack : 0.522
TNS   : 0.000

Type  : Fast 1100mV 0C Model Minimum Pulse Width 'clk'
Slack : 6.524
TNS   : 0.000

------------------------------------------------------------
