------------------------------------------------------------
Timing Analyzer Summary
------------------------------------------------------------

Type  : Slow 1100mV 85C Model Setup 'Clk_Div:comb_3|out_clk'
Slack : -14.588
TNS   : -350110.822

Type  : Slow 1100mV 85C Model Setup 'clk'
Slack : -4.852
TNS   : -100.948

Type  : Slow 1100mV 85C Model Hold 'Clk_Div:comb_3|out_clk'
Slack : 0.433
TNS   : 0.000

Type  : Slow 1100mV 85C Model Hold 'clk'
Slack : 0.466
TNS   : 0.000

Type  : Slow 1100mV 85C Model Recovery 'Clk_Div:comb_3|out_clk'
Slack : -0.522
TNS   : -7.790

Type  : Slow 1100mV 85C Model Removal 'Clk_Div:comb_3|out_clk'
Slack : 0.914
TNS   : 0.000

Type  : Slow 1100mV 85C Model Minimum Pulse Width 'Clk_Div:comb_3|out_clk'
Slack : -2.174
TNS   : -17937.635

Type  : Slow 1100mV 85C Model Minimum Pulse Width 'clk'
Slack : -0.468
TNS   : -20.705

Type  : Slow 1100mV 0C Model Setup 'Clk_Div:comb_3|out_clk'
Slack : -14.350
TNS   : -333774.656

Type  : Slow 1100mV 0C Model Setup 'clk'
Slack : -4.997
TNS   : -98.747

Type  : Slow 1100mV 0C Model Hold 'Clk_Div:comb_3|out_clk'
Slack : 0.446
TNS   : 0.000

Type  : Slow 1100mV 0C Model Hold 'clk'
Slack : 0.461
TNS   : 0.000

Type  : Slow 1100mV 0C Model Recovery 'Clk_Div:comb_3|out_clk'
Slack : -0.457
TNS   : -6.808

Type  : Slow 1100mV 0C Model Removal 'Clk_Div:comb_3|out_clk'
Slack : 0.878
TNS   : 0.000

Type  : Slow 1100mV 0C Model Minimum Pulse Width 'Clk_Div:comb_3|out_clk'
Slack : -2.174
TNS   : -18559.989

Type  : Slow 1100mV 0C Model Minimum Pulse Width 'clk'
Slack : -0.482
TNS   : -22.838

Type  : Fast 1100mV 85C Model Setup 'Clk_Div:comb_3|out_clk'
Slack : -9.708
TNS   : -220056.258

Type  : Fast 1100mV 85C Model Setup 'clk'
Slack : -2.793
TNS   : -44.846

Type  : Fast 1100mV 85C Model Hold 'Clk_Div:comb_3|out_clk'
Slack : 0.199
TNS   : 0.000

Type  : Fast 1100mV 85C Model Hold 'clk'
Slack : 0.261
TNS   : 0.000

Type  : Fast 1100mV 85C Model Recovery 'Clk_Div:comb_3|out_clk'
Slack : 0.039
TNS   : 0.000

Type  : Fast 1100mV 85C Model Removal 'Clk_Div:comb_3|out_clk'
Slack : 0.494
TNS   : 0.000

Type  : Fast 1100mV 85C Model Minimum Pulse Width 'Clk_Div:comb_3|out_clk'
Slack : -2.174
TNS   : -329.343

Type  : Fast 1100mV 85C Model Minimum Pulse Width 'clk'
Slack : -0.497
TNS   : -3.758

Type  : Fast 1100mV 0C Model Setup 'Clk_Div:comb_3|out_clk'
Slack : -8.302
TNS   : -188368.425

Type  : Fast 1100mV 0C Model Setup 'clk'
Slack : -2.520
TNS   : -38.963

Type  : Fast 1100mV 0C Model Hold 'Clk_Div:comb_3|out_clk'
Slack : 0.190
TNS   : 0.000

Type  : Fast 1100mV 0C Model Hold 'clk'
Slack : 0.238
TNS   : 0.000

Type  : Fast 1100mV 0C Model Recovery 'Clk_Div:comb_3|out_clk'
Slack : 0.108
TNS   : 0.000

Type  : Fast 1100mV 0C Model Removal 'Clk_Div:comb_3|out_clk'
Slack : 0.442
TNS   : 0.000

Type  : Fast 1100mV 0C Model Minimum Pulse Width 'Clk_Div:comb_3|out_clk'
Slack : -2.174
TNS   : -330.376

Type  : Fast 1100mV 0C Model Minimum Pulse Width 'clk'
Slack : -0.482
TNS   : -3.757

------------------------------------------------------------
